/* -- Builtin types -- */
typedef const char* cstr;
/* -- ------------- -- */

extern "C" int puts(cstr);
extern "C" int exit(int);
void ___entry___();

void ___entry___(){
int i = 30+30;
int j = 30-1;
int l = 10*2;
int m = 2/2;
bool p = i<j;
bool g = j>l;
exit(i);
}
int main(int argc, char** argv) {___entry___();}
