/* -- Builtin types -- */
typedef const char* cstr;
/* -- ------------- -- */

extern "C" int puts(cstr);
extern "C" int exit(int);
void ___entry___();

void ___entry___(){
cstr a = "Hello, World";
{
puts(a);
}
}
int main(int argc, char** argv) {___entry___();}
