/* -- Builtin types -- */
typedef const char* cstr;
/* -- ------------- -- */
/* --------------- Builtin ---------------- */
struct String {
    void* data;
    int len;
};
static String ___empty_string___ = {(void*)"", 0};

String make_string(const char* cstr, int len) {
    return {(void*)cstr, len};
}

int len_str(String s) {
    return s.len;
}
/* --------------- Builtin ---------------- */
static String ___str_0___ = {(void*)"Hello, World", 12};

extern "C" int puts(cstr);
void ___entry___();

void ___entry___(){
puts((cstr)___str_0___.data);
}
int main(int argc, char** argv) {
___entry___();
}

