/* -- Builtin types -- */
typedef const char* cstr;
/* -- ------------- -- */

extern "C" int puts(cstr);
extern "C" int putchar(int);
extern "C" int exit(int);
void putd(int);

void putd(int d){
if (d>9){
int a = d/10;
d -= 10*a;
putd(a);
}
putchar(48+d);
}

