/* -- Builtin types -- */
typedef const char* cstr;
/* -- ------------- -- */
/* --------------- Builtin ---------------- */
struct String {
    void* data;
    int len;
};
static String ___empty_string___ = {(void*)"", 0};

String make_string(const char* cstr, int len) {
    return {(void*)cstr, len};
}

int len_str(String s) {
    return s.len;
}
/* --------------- Builtin ---------------- */
struct Bar {
int baz;
};
struct Foo {
int bar;
int baz;
};

extern "C" int puts(cstr);
extern "C" int putchar(int);
extern "C" int exit(int);
void putd(int);
void ___entry___();

void putd(int d){
if (d>9){
int a = d/10;
d -= 10*a;
putd(a);
}
putchar(48+d);
}
void ___entry___(){
Foo foo = Foo {
10,
20};
int b = foo.baz;
putd(foo.bar);
puts((cstr)___empty_string___.data);
putd(foo.baz);
}
int main(int argc, char** argv) {
___entry___();
}

