/* -- Builtin types -- */
typedef const char* cstr;
/* -- ------------- -- */

extern "C" int puts(cstr);
extern "C" int putchar(int);
extern "C" int exit(int);
void putd(int);
void thing(bool);
void ___entry___();

void putd(int d){
if (d>9){
int a = d/10;
d -= 10*a;
putd(a);
}
putchar(48+d);
}
void thing(bool thing){
exit(thing);
}
void ___entry___(){
int a = 10;
cstr b = "Hello";
bool c = true;
bool d = false;
puts(b);
thing(d);
}
int main(int argc, char** argv) {___entry___();}
